>{* a single line comment *}
#^^ text.html.fenom comment.block.fenom punctuation.definition.comment.begin.fenom
#  ^^^^^^^^^^^^^^^^^^^^^^^ text.html.fenom comment.block.fenom
#                         ^^ text.html.fenom comment.block.fenom punctuation.definition.comment.end.fenom
>{*
#^^ text.html.fenom comment.block.fenom punctuation.definition.comment.begin.fenom
>  a multi line
#^^^^^^^^^^^^^^^ text.html.fenom comment.block.fenom
>  comment
#^^^^^^^^^^ text.html.fenom comment.block.fenom
>*}
#^^ text.html.fenom comment.block.fenom punctuation.definition.comment.end.fenom
>{* a comment with {$var} and {if $a} inside *}
#^^ text.html.fenom comment.block.fenom punctuation.definition.comment.begin.fenom
#  ^^^^^^^^^^^^^^^^^^^^^^^^^^^^^^^^^^^^^^^^^^ text.html.fenom comment.block.fenom
#                                            ^^ text.html.fenom comment.block.fenom punctuation.definition.comment.end.fenom
>{ not a tag, brace followed by space }
#^^ text.html.fenom
#  ^^^^^^^^^^^^^^^^^^^^^^^^^^^^^^^^^^^^^ text.html.fenom
>{}
#^ text.html.fenom source.fenom punctuation.section.embedded.begin.fenom
# ^ text.html.fenom source.fenom punctuation.section.embedded.end.fenom
>{	tab after brace}
#^^ text.html.fenom
#  ^^^^^^^^^^^^^^^^^ text.html.fenom
>{ignore}
#^ text.html.fenom source.fenom punctuation.section.embedded.begin.fenom
# ^^^^^^ text.html.fenom source.fenom keyword.control.fenom
#       ^ text.html.fenom source.fenom punctuation.section.embedded.end.fenom
>h1 {font-size: 24px; color: #F00;}
#^^^ text.html.fenom
#   ^ text.html.fenom source.fenom punctuation.section.embedded.begin.fenom
#    ^^^^ text.html.fenom source.fenom
#        ^ text.html.fenom source.fenom keyword.operator.fenom
#         ^^^^^^^^^^^^^^^^^^^^^^^^ text.html.fenom source.fenom
#                                 ^ text.html.fenom source.fenom punctuation.section.embedded.end.fenom
>{/ignore}
#^ text.html.fenom source.fenom punctuation.section.embedded.begin.fenom
# ^ text.html.fenom source.fenom
#  ^^^^^^ text.html.fenom source.fenom keyword.control.fenom
#        ^ text.html.fenom source.fenom punctuation.section.embedded.end.fenom
><style>
#^^^^^^^^ text.html.fenom
>h1 {color: #F00;}
#^^^ text.html.fenom
#   ^ text.html.fenom source.fenom punctuation.section.embedded.begin.fenom
#    ^^^^^^^^^^^^ text.html.fenom source.fenom
#                ^ text.html.fenom source.fenom punctuation.section.embedded.end.fenom
></style>
#^^^^^^^^^ text.html.fenom
><script>
#^^^^^^^^^ text.html.fenom
>var item = {cdn: "//example.com/"};
#^^^^^^^^^^^ text.html.fenom
#           ^ text.html.fenom source.fenom punctuation.section.embedded.begin.fenom
#            ^^^^^ text.html.fenom source.fenom
#                 ^ text.html.fenom source.fenom string.quoted.double.fenom punctuation.definition.string.begin.fenom
#                  ^^^^^^^^^^^^^^ text.html.fenom source.fenom string.quoted.double.fenom
#                                ^ text.html.fenom source.fenom string.quoted.double.fenom punctuation.definition.string.end.fenom
#                                 ^ text.html.fenom source.fenom punctuation.section.embedded.end.fenom
#                                  ^^ text.html.fenom
></script>
#^^^^^^^^^^ text.html.fenom
>{var $arr = [1, 2, 3]}
#^ text.html.fenom source.fenom punctuation.section.embedded.begin.fenom
# ^^^ text.html.fenom source.fenom keyword.control.fenom
#    ^ text.html.fenom source.fenom
#     ^ text.html.fenom source.fenom variable.other.fenom punctuation.definition.variable.fenom
#      ^^^ text.html.fenom source.fenom variable.other.fenom variable.other.fenom
#         ^ text.html.fenom source.fenom
#          ^ text.html.fenom source.fenom keyword.operator.fenom
#           ^^ text.html.fenom source.fenom
#             ^ text.html.fenom source.fenom constant.numeric.decimal.fenom
#              ^^ text.html.fenom source.fenom
#                ^ text.html.fenom source.fenom constant.numeric.decimal.fenom
#                 ^^ text.html.fenom source.fenom
#                   ^ text.html.fenom source.fenom constant.numeric.decimal.fenom
#                    ^ text.html.fenom source.fenom
#                     ^ text.html.fenom source.fenom punctuation.section.embedded.end.fenom
>{var $arr = ['y' => 'yellow', 'b' => 'blue']}
#^ text.html.fenom source.fenom punctuation.section.embedded.begin.fenom
# ^^^ text.html.fenom source.fenom keyword.control.fenom
#    ^ text.html.fenom source.fenom
#     ^ text.html.fenom source.fenom variable.other.fenom punctuation.definition.variable.fenom
#      ^^^ text.html.fenom source.fenom variable.other.fenom variable.other.fenom
#         ^ text.html.fenom source.fenom
#          ^ text.html.fenom source.fenom keyword.operator.fenom
#           ^^ text.html.fenom source.fenom
#             ^ text.html.fenom source.fenom string.quoted.single.fenom punctuation.definition.string.begin.fenom
#              ^ text.html.fenom source.fenom string.quoted.single.fenom
#               ^ text.html.fenom source.fenom string.quoted.single.fenom punctuation.definition.string.end.fenom
#                ^ text.html.fenom source.fenom
#                 ^ text.html.fenom source.fenom keyword.operator.fenom
#                  ^ text.html.fenom source.fenom keyword.operator.fenom
#                   ^ text.html.fenom source.fenom
#                    ^ text.html.fenom source.fenom string.quoted.single.fenom punctuation.definition.string.begin.fenom
#                     ^^^^^^ text.html.fenom source.fenom string.quoted.single.fenom
#                           ^ text.html.fenom source.fenom string.quoted.single.fenom punctuation.definition.string.end.fenom
#                            ^^ text.html.fenom source.fenom
#                              ^ text.html.fenom source.fenom string.quoted.single.fenom punctuation.definition.string.begin.fenom
#                               ^ text.html.fenom source.fenom string.quoted.single.fenom
#                                ^ text.html.fenom source.fenom string.quoted.single.fenom punctuation.definition.string.end.fenom
#                                 ^ text.html.fenom source.fenom
#                                  ^ text.html.fenom source.fenom keyword.operator.fenom
#                                   ^ text.html.fenom source.fenom keyword.operator.fenom
#                                    ^ text.html.fenom source.fenom
#                                     ^ text.html.fenom source.fenom string.quoted.single.fenom punctuation.definition.string.begin.fenom
#                                      ^^^^ text.html.fenom source.fenom string.quoted.single.fenom
#                                          ^ text.html.fenom source.fenom string.quoted.single.fenom punctuation.definition.string.end.fenom
#                                           ^ text.html.fenom source.fenom
#                                            ^ text.html.fenom source.fenom punctuation.section.embedded.end.fenom
>{var $arr = [1, [9, 8], 3]}
#^ text.html.fenom source.fenom punctuation.section.embedded.begin.fenom
# ^^^ text.html.fenom source.fenom keyword.control.fenom
#    ^ text.html.fenom source.fenom
#     ^ text.html.fenom source.fenom variable.other.fenom punctuation.definition.variable.fenom
#      ^^^ text.html.fenom source.fenom variable.other.fenom variable.other.fenom
#         ^ text.html.fenom source.fenom
#          ^ text.html.fenom source.fenom keyword.operator.fenom
#           ^^ text.html.fenom source.fenom
#             ^ text.html.fenom source.fenom constant.numeric.decimal.fenom
#              ^^^ text.html.fenom source.fenom
#                 ^ text.html.fenom source.fenom constant.numeric.decimal.fenom
#                  ^^ text.html.fenom source.fenom
#                    ^ text.html.fenom source.fenom constant.numeric.decimal.fenom
#                     ^^^ text.html.fenom source.fenom
#                        ^ text.html.fenom source.fenom constant.numeric.decimal.fenom
#                         ^ text.html.fenom source.fenom
#                          ^ text.html.fenom source.fenom punctuation.section.embedded.end.fenom
>{set $arr[] = $value}
#^ text.html.fenom source.fenom punctuation.section.embedded.begin.fenom
# ^^^ text.html.fenom source.fenom keyword.control.fenom
#    ^ text.html.fenom source.fenom
#     ^ text.html.fenom source.fenom variable.other.fenom punctuation.definition.variable.fenom
#      ^^^ text.html.fenom source.fenom variable.other.fenom variable.other.fenom
#         ^^^ text.html.fenom source.fenom
#            ^ text.html.fenom source.fenom keyword.operator.fenom
#             ^ text.html.fenom source.fenom
#              ^ text.html.fenom source.fenom variable.other.fenom punctuation.definition.variable.fenom
#               ^^^^^ text.html.fenom source.fenom variable.other.fenom variable.other.fenom
#                    ^ text.html.fenom source.fenom punctuation.section.embedded.end.fenom
>{set $arr.key = $value}
#^ text.html.fenom source.fenom punctuation.section.embedded.begin.fenom
# ^^^ text.html.fenom source.fenom keyword.control.fenom
#    ^ text.html.fenom source.fenom
#     ^ text.html.fenom source.fenom variable.other.fenom punctuation.definition.variable.fenom
#      ^^^ text.html.fenom source.fenom variable.other.fenom variable.other.fenom
#         ^^^^^ text.html.fenom source.fenom
#              ^ text.html.fenom source.fenom keyword.operator.fenom
#               ^ text.html.fenom source.fenom
#                ^ text.html.fenom source.fenom variable.other.fenom punctuation.definition.variable.fenom
#                 ^^^^^ text.html.fenom source.fenom variable.other.fenom variable.other.fenom
#                      ^ text.html.fenom source.fenom punctuation.section.embedded.end.fenom
>