>{var $a = 1234}
#^ text.html.fenom source.fenom punctuation.section.embedded.begin.fenom
# ^^^ text.html.fenom source.fenom keyword.control.fenom
#    ^ text.html.fenom source.fenom
#     ^ text.html.fenom source.fenom variable.other.fenom punctuation.definition.variable.fenom
#      ^ text.html.fenom source.fenom variable.other.fenom
#       ^ text.html.fenom source.fenom
#        ^ text.html.fenom source.fenom keyword.operator.assignment.fenom
#         ^ text.html.fenom source.fenom
#          ^^^^ text.html.fenom source.fenom constant.numeric.decimal.fenom
#              ^ text.html.fenom source.fenom punctuation.section.embedded.end.fenom
>{var $a = -123}
#^ text.html.fenom source.fenom punctuation.section.embedded.begin.fenom
# ^^^ text.html.fenom source.fenom keyword.control.fenom
#    ^ text.html.fenom source.fenom
#     ^ text.html.fenom source.fenom variable.other.fenom punctuation.definition.variable.fenom
#      ^ text.html.fenom source.fenom variable.other.fenom
#       ^ text.html.fenom source.fenom
#        ^ text.html.fenom source.fenom keyword.operator.assignment.fenom
#         ^ text.html.fenom source.fenom
#          ^ text.html.fenom source.fenom keyword.operator.arithmetic.fenom
#           ^^^ text.html.fenom source.fenom constant.numeric.decimal.fenom
#              ^ text.html.fenom source.fenom punctuation.section.embedded.end.fenom
>{var $a = +123}
#^ text.html.fenom source.fenom punctuation.section.embedded.begin.fenom
# ^^^ text.html.fenom source.fenom keyword.control.fenom
#    ^ text.html.fenom source.fenom
#     ^ text.html.fenom source.fenom variable.other.fenom punctuation.definition.variable.fenom
#      ^ text.html.fenom source.fenom variable.other.fenom
#       ^ text.html.fenom source.fenom
#        ^ text.html.fenom source.fenom keyword.operator.assignment.fenom
#         ^ text.html.fenom source.fenom
#          ^ text.html.fenom source.fenom keyword.operator.arithmetic.fenom
#           ^^^ text.html.fenom source.fenom constant.numeric.decimal.fenom
#              ^ text.html.fenom source.fenom punctuation.section.embedded.end.fenom
>{var $a = 0123}
#^ text.html.fenom source.fenom punctuation.section.embedded.begin.fenom
# ^^^ text.html.fenom source.fenom keyword.control.fenom
#    ^ text.html.fenom source.fenom
#     ^ text.html.fenom source.fenom variable.other.fenom punctuation.definition.variable.fenom
#      ^ text.html.fenom source.fenom variable.other.fenom
#       ^ text.html.fenom source.fenom
#        ^ text.html.fenom source.fenom keyword.operator.assignment.fenom
#         ^ text.html.fenom source.fenom
#          ^^^^ text.html.fenom source.fenom constant.numeric.octal.fenom
#              ^ text.html.fenom source.fenom punctuation.section.embedded.end.fenom
>{var $a = 0x1A}
#^ text.html.fenom source.fenom punctuation.section.embedded.begin.fenom
# ^^^ text.html.fenom source.fenom keyword.control.fenom
#    ^ text.html.fenom source.fenom
#     ^ text.html.fenom source.fenom variable.other.fenom punctuation.definition.variable.fenom
#      ^ text.html.fenom source.fenom variable.other.fenom
#       ^ text.html.fenom source.fenom
#        ^ text.html.fenom source.fenom keyword.operator.assignment.fenom
#         ^ text.html.fenom source.fenom
#          ^^^^ text.html.fenom source.fenom constant.numeric.hex.fenom
#              ^ text.html.fenom source.fenom punctuation.section.embedded.end.fenom
>{var $a = 0b11111111}
#^ text.html.fenom source.fenom punctuation.section.embedded.begin.fenom
# ^^^ text.html.fenom source.fenom keyword.control.fenom
#    ^ text.html.fenom source.fenom
#     ^ text.html.fenom source.fenom variable.other.fenom punctuation.definition.variable.fenom
#      ^ text.html.fenom source.fenom variable.other.fenom
#       ^ text.html.fenom source.fenom
#        ^ text.html.fenom source.fenom keyword.operator.assignment.fenom
#         ^ text.html.fenom source.fenom
#          ^^^^^^^^^^ text.html.fenom source.fenom constant.numeric.binary.fenom
#                    ^ text.html.fenom source.fenom punctuation.section.embedded.end.fenom
>{var $a = 1.234}
#^ text.html.fenom source.fenom punctuation.section.embedded.begin.fenom
# ^^^ text.html.fenom source.fenom keyword.control.fenom
#    ^ text.html.fenom source.fenom
#     ^ text.html.fenom source.fenom variable.other.fenom punctuation.definition.variable.fenom
#      ^ text.html.fenom source.fenom variable.other.fenom
#       ^ text.html.fenom source.fenom
#        ^ text.html.fenom source.fenom keyword.operator.assignment.fenom
#         ^ text.html.fenom source.fenom
#          ^^^^^ text.html.fenom source.fenom constant.numeric.float.fenom
#               ^ text.html.fenom source.fenom punctuation.section.embedded.end.fenom
>{var $a = 1.2e3}
#^ text.html.fenom source.fenom punctuation.section.embedded.begin.fenom
# ^^^ text.html.fenom source.fenom keyword.control.fenom
#    ^ text.html.fenom source.fenom
#     ^ text.html.fenom source.fenom variable.other.fenom punctuation.definition.variable.fenom
#      ^ text.html.fenom source.fenom variable.other.fenom
#       ^ text.html.fenom source.fenom
#        ^ text.html.fenom source.fenom keyword.operator.assignment.fenom
#         ^ text.html.fenom source.fenom
#          ^^^^^ text.html.fenom source.fenom constant.numeric.float.fenom
#               ^ text.html.fenom source.fenom punctuation.section.embedded.end.fenom
>{var $a = 7E-10}
#^ text.html.fenom source.fenom punctuation.section.embedded.begin.fenom
# ^^^ text.html.fenom source.fenom keyword.control.fenom
#    ^ text.html.fenom source.fenom
#     ^ text.html.fenom source.fenom variable.other.fenom punctuation.definition.variable.fenom
#      ^ text.html.fenom source.fenom variable.other.fenom
#       ^ text.html.fenom source.fenom
#        ^ text.html.fenom source.fenom keyword.operator.assignment.fenom
#         ^ text.html.fenom source.fenom
#          ^^^^^ text.html.fenom source.fenom constant.numeric.float.fenom
#               ^ text.html.fenom source.fenom punctuation.section.embedded.end.fenom
>{$list[5]}
#^ text.html.fenom source.fenom punctuation.section.embedded.begin.fenom
# ^ text.html.fenom source.fenom variable.other.fenom punctuation.definition.variable.fenom
#  ^^^^ text.html.fenom source.fenom variable.other.fenom
#      ^ text.html.fenom source.fenom punctuation.section.brackets.begin.fenom
#       ^ text.html.fenom source.fenom constant.numeric.decimal.fenom
#        ^ text.html.fenom source.fenom punctuation.section.brackets.end.fenom
#         ^ text.html.fenom source.fenom punctuation.section.embedded.end.fenom
>{$a + 1 * 2 - 3 / 4 % 5}
#^ text.html.fenom source.fenom punctuation.section.embedded.begin.fenom
# ^ text.html.fenom source.fenom variable.other.fenom punctuation.definition.variable.fenom
#  ^ text.html.fenom source.fenom variable.other.fenom
#   ^ text.html.fenom source.fenom
#    ^ text.html.fenom source.fenom keyword.operator.arithmetic.fenom
#     ^ text.html.fenom source.fenom
#      ^ text.html.fenom source.fenom constant.numeric.decimal.fenom
#       ^ text.html.fenom source.fenom
#        ^ text.html.fenom source.fenom keyword.operator.arithmetic.fenom
#         ^ text.html.fenom source.fenom
#          ^ text.html.fenom source.fenom constant.numeric.decimal.fenom
#           ^ text.html.fenom source.fenom
#            ^ text.html.fenom source.fenom keyword.operator.arithmetic.fenom
#             ^ text.html.fenom source.fenom
#              ^ text.html.fenom source.fenom constant.numeric.decimal.fenom
#               ^ text.html.fenom source.fenom
#                ^ text.html.fenom source.fenom keyword.operator.arithmetic.fenom
#                 ^ text.html.fenom source.fenom
#                  ^ text.html.fenom source.fenom constant.numeric.decimal.fenom
#                   ^ text.html.fenom source.fenom
#                    ^ text.html.fenom source.fenom keyword.operator.arithmetic.fenom
#                     ^ text.html.fenom source.fenom
#                      ^ text.html.fenom source.fenom constant.numeric.decimal.fenom
#                       ^ text.html.fenom source.fenom punctuation.section.embedded.end.fenom
>